// Jest Snapshot v1, https://goo.gl/fbAQLP

exports[`renders Dialog correctly 1`] = `null`;
