// Jest Snapshot v1, https://goo.gl/fbAQLP

exports[`renders LoginPage correctly 1`] = `
<div
  className="MuiContainer-root makeStyles-container-3 MuiContainer-maxWidthLg"
>
  <form
    action="#"
    onReset={[Function]}
    onSubmit={[Function]}
  >
    <div
      className="MuiGrid-root makeStyles-container-1 MuiGrid-container MuiGrid-align-items-xs-center MuiGrid-justify-xs-center"
    >
      <div
        className="MuiGrid-root MuiGrid-container MuiGrid-spacing-xs-4 MuiGrid-item MuiGrid-grid-xs-12 MuiGrid-grid-md-4"
      >
        <div
          className="MuiGrid-root MuiGrid-item MuiGrid-grid-xs-12"
        >
          <p
            className="MuiTypography-root makeStyles-text-2 MuiTypography-body1"
          >
            Faça seu login
          </p>
        </div>
        <div
          className="MuiGrid-root MuiGrid-item MuiGrid-grid-xs-12"
        >
          <div
            className="MuiFormControl-root MuiTextField-root makeStyles-root-4"
          >
            <label
              className="MuiFormLabel-root MuiInputLabel-root MuiInputLabel-formControl MuiInputLabel-animated MuiInputLabel-outlined"
              data-shrink={false}
            >
              CPF ou Código da Cooperativa
            </label>
            <div
              className="MuiInputBase-root MuiOutlinedInput-root MuiInputBase-formControl"
              onClick={[Function]}
            >
              <input
                aria-invalid={false}
                autoFocus={false}
                className="MuiInputBase-input MuiOutlinedInput-input"
                disabled={false}
                name="cpf"
                onAnimationStart={[Function]}
                onBlur={[Function]}
                onChange={[Function]}
                onFocus={[Function]}
                required={false}
                type="text"
                value=""
              />
              <fieldset
                aria-hidden={true}
                className="PrivateNotchedOutline-root-5 MuiOutlinedInput-notchedOutline"
              >
                <legend
                  className="PrivateNotchedOutline-legendLabelled-7"
                >
                  <span>
                    CPF ou Código da Cooperativa
                  </span>
                </legend>
              </fieldset>
            </div>
          </div>
        </div>
        <div
          className="MuiGrid-root MuiGrid-item MuiGrid-grid-xs-12"
        >
          <div
            className="MuiFormControl-root MuiTextField-root makeStyles-root-4"
          >
            <label
              className="MuiFormLabel-root MuiInputLabel-root MuiInputLabel-formControl MuiInputLabel-animated MuiInputLabel-outlined"
              data-shrink={false}
            >
              Senha
            </label>
            <div
              className="MuiInputBase-root MuiOutlinedInput-root MuiInputBase-formControl"
              onClick={[Function]}
            >
              <input
                aria-invalid={false}
                autoFocus={false}
                className="MuiInputBase-input MuiOutlinedInput-input"
                disabled={false}
                name="password"
                onAnimationStart={[Function]}
                onBlur={[Function]}
                onChange={[Function]}
                onFocus={[Function]}
                required={false}
                type="password"
                value=""
              />
              <fieldset
                aria-hidden={true}
                className="PrivateNotchedOutline-root-5 MuiOutlinedInput-notchedOutline"
              >
                <legend
                  className="PrivateNotchedOutline-legendLabelled-7"
                >
                  <span>
                    Senha
                  </span>
                </legend>
              </fieldset>
            </div>
          </div>
        </div>
        <div
          className="MuiGrid-root MuiGrid-item MuiGrid-grid-xs-12"
        >
          <button
            className="MuiButtonBase-root MuiButton-root MuiButton-contained makeStyles-lightGreen-10 makeStyles-content-11 MuiButton-containedPrimary MuiButton-fullWidth"
            disabled={false}
            onBlur={[Function]}
            onDragLeave={[Function]}
            onFocus={[Function]}
            onKeyDown={[Function]}
            onKeyUp={[Function]}
            onMouseDown={[Function]}
            onMouseLeave={[Function]}
            onMouseUp={[Function]}
            onTouchEnd={[Function]}
            onTouchMove={[Function]}
            onTouchStart={[Function]}
            tabIndex={0}
            type="submit"
          >
            <span
              className="MuiButton-label"
            >
              Entrar
            </span>
            <span
              className="MuiTouchRipple-root"
            />
          </button>
        </div>
        <div
          className="MuiGrid-root MuiGrid-container MuiGrid-spacing-xs-2 MuiGrid-item MuiGrid-align-items-xs-center MuiGrid-grid-xs-12"
        >
          <div
            className="MuiGrid-root MuiGrid-item"
          >
            <svg
              height={24}
              width={24}
            >
              Lock.svg
            </svg>
          </div>
          <div
            className="MuiGrid-root MuiGrid-item"
          >
            <a
              className="makeStyles-link-12"
              href="/forgot-password"
              onClick={[Function]}
            >
              Esqueci minha senha
            </a>
          </div>
        </div>
        <div
          className="MuiGrid-root MuiGrid-container MuiGrid-spacing-xs-2 MuiGrid-item MuiGrid-align-items-xs-center MuiGrid-grid-xs-12"
        >
          <div
            className="MuiGrid-root MuiGrid-item"
          >
            <svg
              height={24}
              width={24}
            >
              In.svg
            </svg>
          </div>
          <div
            className="MuiGrid-root MuiGrid-item"
          >
            <a
              className="makeStyles-link-12"
              href="/register"
              onClick={[Function]}
            >
              Não tenho cadastro
            </a>
          </div>
        </div>
      </div>
    </div>
  </form>
</div>
`;
