// Jest Snapshot v1, https://goo.gl/fbAQLP

exports[`renders Snackbar correctly 1`] = `null`;
